Не найдены предложения продавцов для модели LE-MN09RH, https://catalog.onliner.by/sdapi/catalog.api/search/products?query=LE-MN09RH; Ошибка 'NoneType' object is not subscriptable 
